[12-Feb-2026 08:58:15 Europe/Budapest] Failed to fetch CharlieIntel (HTTP 500) or empty response.
[12-Feb-2026 09:12:11 Europe/Budapest] Failed to fetch IGN (HTTP 404) or empty response.
[12-Feb-2026 09:16:47 Europe/Budapest] Failed to fetch IGN (HTTP 404) or empty response.
[12-Feb-2026 09:21:03 Europe/Budapest] Failed to fetch IGN (HTTP 404) or empty response.
[12-Feb-2026 09:22:18 Europe/Budapest] Failed to fetch IGN (HTTP 404) or empty response.
[12-Feb-2026 09:27:39 Europe/Budapest] Failed to fetch IGN (HTTP 404) or empty response.
[12-Feb-2026 09:27:51 Europe/Budapest] Failed to fetch IGN (HTTP 404) or empty response.
[12-Feb-2026 09:37:23 Europe/Budapest] Failed to fetch IGN (HTTP 404) or empty response.
[12-Feb-2026 21:56:00 Europe/Budapest] Failed to fetch CharlieIntel (HTTP 500) or empty response.
[12-Feb-2026 21:56:00 Europe/Budapest] Failed to fetch IGN (HTTP 404) or empty response.
[12-Feb-2026 21:57:46 Europe/Budapest] Failed to fetch IGN (HTTP 404) or empty response.
[12-Feb-2026 21:59:07 Europe/Budapest] Failed to fetch IGN (HTTP 404) or empty response.
[13-Feb-2026 08:03:55 Europe/Budapest] Failed to fetch IGN (HTTP 404) or empty response.
[13-Feb-2026 08:40:22 Europe/Budapest] Failed to fetch IGN (HTTP 404) or empty response.
[13-Feb-2026 09:12:42 Europe/Budapest] Failed to fetch IGN (HTTP 404) or empty response.
[13-Feb-2026 09:12:43 Europe/Budapest] Failed to fetch IGN (HTTP 404) or empty response.
[13-Feb-2026 09:12:45 Europe/Budapest] Failed to fetch IGN (HTTP 404) or empty response.
[16-Feb-2026 18:21:56 Europe/Budapest] Failed to fetch IGN (HTTP 404) or empty response.
[17-Feb-2026 12:51:44 Europe/Budapest] Failed to fetch IGN (HTTP 404) or empty response.
[17-Feb-2026 12:59:27 Europe/Budapest] Failed to fetch IGN (HTTP 404) or empty response.
[17-Feb-2026 13:10:03 Europe/Budapest] Failed to fetch IGN (HTTP 404) or empty response.
[17-Feb-2026 13:11:29 Europe/Budapest] Failed to fetch IGN (HTTP 404) or empty response.
[17-Feb-2026 13:20:53 Europe/Budapest] Failed to fetch IGN (HTTP 404) or empty response.
[17-Feb-2026 13:23:40 Europe/Budapest] Failed to fetch IGN (HTTP 404) or empty response.
[17-Feb-2026 13:23:59 Europe/Budapest] Failed to fetch IGN (HTTP 404) or empty response.
[17-Feb-2026 13:25:54 Europe/Budapest] Failed to fetch CharlieIntel (HTTP 500) or empty response.
[17-Feb-2026 13:25:54 Europe/Budapest] Failed to fetch IGN (HTTP 404) or empty response.
[17-Feb-2026 13:44:25 Europe/Budapest] Failed to fetch IGN (HTTP 404) or empty response.
[17-Feb-2026 13:46:18 Europe/Budapest] Failed to fetch IGN (HTTP 404) or empty response.
[17-Feb-2026 13:46:40 Europe/Budapest] Failed to fetch IGN (HTTP 404) or empty response.
[17-Feb-2026 13:47:04 Europe/Budapest] Failed to fetch IGN (HTTP 404) or empty response.
[17-Feb-2026 13:50:49 Europe/Budapest] Failed to fetch IGN (HTTP 404) or empty response.
[17-Feb-2026 13:51:43 Europe/Budapest] Failed to fetch IGN (HTTP 404) or empty response.
[17-Feb-2026 13:53:31 Europe/Budapest] Failed to fetch IGN (HTTP 404) or empty response.
[17-Feb-2026 14:38:51 Europe/Budapest] Failed to fetch IGN (HTTP 404) or empty response.
[17-Feb-2026 14:40:59 Europe/Budapest] Failed to fetch IGN (HTTP 404) or empty response.
[17-Feb-2026 14:41:34 Europe/Budapest] Failed to fetch IGN (HTTP 404) or empty response.
[17-Feb-2026 14:44:04 Europe/Budapest] Failed to fetch IGN (HTTP 404) or empty response.
[17-Feb-2026 14:47:33 Europe/Budapest] Failed to fetch IGN (HTTP 404) or empty response.
[17-Feb-2026 14:50:28 Europe/Budapest] Failed to fetch IGN (HTTP 404) or empty response.
[19-Feb-2026 09:05:47 Europe/Budapest] Failed to fetch IGN (HTTP 404) or empty response.
[19-Feb-2026 09:06:38 Europe/Budapest] Failed to fetch IGN (HTTP 404) or empty response.
[19-Feb-2026 09:07:47 Europe/Budapest] Failed to fetch IGN (HTTP 404) or empty response.
[19-Feb-2026 09:10:41 Europe/Budapest] Failed to fetch IGN (HTTP 404) or empty response.
[19-Feb-2026 09:10:50 Europe/Budapest] Failed to fetch IGN (HTTP 404) or empty response.
[19-Feb-2026 09:11:12 Europe/Budapest] Failed to fetch IGN (HTTP 404) or empty response.
[19-Feb-2026 09:15:50 Europe/Budapest] Failed to fetch IGN (HTTP 404) or empty response.
[19-Feb-2026 09:23:35 Europe/Budapest] Failed to fetch IGN (HTTP 404) or empty response.
[19-Feb-2026 09:39:27 Europe/Budapest] Failed to fetch IGN (HTTP 404) or empty response.
[20-Feb-2026 08:40:57 Europe/Budapest] Failed to fetch IGN (HTTP 404) or empty response.
[20-Feb-2026 09:30:50 Europe/Budapest] Failed to fetch IGN (HTTP 404) or empty response.
[20-Feb-2026 09:32:06 Europe/Budapest] Failed to fetch IGN (HTTP 404) or empty response.
[20-Feb-2026 09:38:11 Europe/Budapest] Failed to fetch IGN (HTTP 404) or empty response.
[23-Feb-2026 11:22:53 Europe/Budapest] Failed to fetch IGN (HTTP 404) or empty response.
[26-Feb-2026 09:09:14 Europe/Budapest] Failed to fetch IGN (HTTP 404) or empty response.
[26-Feb-2026 09:11:56 Europe/Budapest] Failed to fetch IGN (HTTP 404) or empty response.
[26-Feb-2026 09:38:36 Europe/Budapest] Failed to fetch IGN (HTTP 404) or empty response.
[27-Feb-2026 08:09:08 Europe/Budapest] Failed to fetch IGN (HTTP 404) or empty response.
[27-Feb-2026 09:26:01 Europe/Budapest] Failed to fetch IGN (HTTP 404) or empty response.
[27-Feb-2026 09:35:40 Europe/Budapest] Failed to fetch IGN (HTTP 404) or empty response.
[27-Feb-2026 13:00:12 Europe/Budapest] Failed to fetch IGN (HTTP 404) or empty response.
[27-Feb-2026 13:04:38 Europe/Budapest] Failed to fetch IGN (HTTP 404) or empty response.
[02-Mar-2026 10:23:59 Europe/Budapest] Failed to fetch IGN (HTTP 404) or empty response.
[03-Mar-2026 10:11:41 Europe/Budapest] Failed to fetch IGN (HTTP 404) or empty response.
[05-Mar-2026 08:03:24 Europe/Budapest] Failed to fetch IGN (HTTP 404) or empty response.
[05-Mar-2026 08:03:26 Europe/Budapest] Failed to fetch IGN (HTTP 404) or empty response.
[05-Mar-2026 08:34:08 Europe/Budapest] Failed to fetch IGN (HTTP 404) or empty response.
[05-Mar-2026 08:35:49 Europe/Budapest] Failed to fetch IGN (HTTP 404) or empty response.
[05-Mar-2026 08:37:43 Europe/Budapest] Failed to fetch CharlieIntel (HTTP 500) or empty response.
[05-Mar-2026 08:37:43 Europe/Budapest] Failed to fetch IGN (HTTP 404) or empty response.
[05-Mar-2026 08:38:40 Europe/Budapest] Failed to fetch IGN (HTTP 404) or empty response.
[05-Mar-2026 08:38:56 Europe/Budapest] Failed to fetch IGN (HTTP 404) or empty response.
[05-Mar-2026 08:39:03 Europe/Budapest] Failed to fetch IGN (HTTP 404) or empty response.
[05-Mar-2026 08:42:22 Europe/Budapest] Failed to fetch IGN (HTTP 404) or empty response.
[05-Mar-2026 08:42:54 Europe/Budapest] Failed to fetch IGN (HTTP 404) or empty response.
[05-Mar-2026 08:42:59 Europe/Budapest] Failed to fetch IGN (HTTP 404) or empty response.
[05-Mar-2026 08:43:03 Europe/Budapest] Failed to fetch IGN (HTTP 404) or empty response.
[05-Mar-2026 08:43:54 Europe/Budapest] Failed to fetch IGN (HTTP 404) or empty response.
[05-Mar-2026 08:44:50 Europe/Budapest] Failed to fetch IGN (HTTP 404) or empty response.
[05-Mar-2026 09:02:49 Europe/Budapest] Failed to fetch IGN (HTTP 404) or empty response.
[05-Mar-2026 09:08:49 Europe/Budapest] Failed to fetch IGN (HTTP 404) or empty response.
[05-Mar-2026 09:09:46 Europe/Budapest] Failed to fetch IGN (HTTP 404) or empty response.
[05-Mar-2026 09:09:48 Europe/Budapest] Failed to fetch IGN (HTTP 404) or empty response.
[06-Mar-2026 08:27:24 Europe/Budapest] Failed to fetch IGN (HTTP 404) or empty response.
[06-Mar-2026 08:27:24 Europe/Budapest] Failed to fetch IGN (HTTP 404) or empty response.
[06-Mar-2026 08:29:00 Europe/Budapest] Failed to fetch IGN (HTTP 404) or empty response.
[06-Mar-2026 08:50:59 Europe/Budapest] Failed to fetch CharlieIntel (HTTP 500) or empty response.
[06-Mar-2026 08:51:00 Europe/Budapest] Failed to fetch IGN (HTTP 404) or empty response.
[06-Mar-2026 08:51:02 Europe/Budapest] Failed to fetch IGN (HTTP 404) or empty response.
[06-Mar-2026 08:51:03 Europe/Budapest] Failed to fetch IGN (HTTP 404) or empty response.
[06-Mar-2026 09:16:07 Europe/Budapest] Failed to fetch IGN (HTTP 404) or empty response.
[06-Mar-2026 12:13:35 Europe/Budapest] Failed to fetch IGN (HTTP 404) or empty response.
[06-Mar-2026 12:13:36 Europe/Budapest] Failed to fetch IGN (HTTP 404) or empty response.
[06-Mar-2026 12:13:36 Europe/Budapest] Failed to fetch IGN (HTTP 404) or empty response.
[07-Mar-2026 12:37:51 Europe/Budapest] Failed to fetch IGN (HTTP 404) or empty response.
[07-Mar-2026 12:38:08 Europe/Budapest] Failed to fetch IGN (HTTP 404) or empty response.
[07-Mar-2026 12:38:21 Europe/Budapest] Failed to fetch IGN (HTTP 404) or empty response.
[07-Mar-2026 12:38:38 Europe/Budapest] Failed to fetch IGN (HTTP 404) or empty response.
[07-Mar-2026 12:48:07 Europe/Budapest] Failed to fetch IGN (HTTP 404) or empty response.
[07-Mar-2026 12:57:14 Europe/Budapest] Failed to fetch IGN (HTTP 404) or empty response.
[07-Mar-2026 13:33:33 Europe/Budapest] Failed to fetch IGN (HTTP 404) or empty response.
[09-Mar-2026 09:38:49 Europe/Budapest] Failed to fetch CharlieIntel (HTTP 500) or empty response.
[09-Mar-2026 09:38:50 Europe/Budapest] Failed to fetch IGN (HTTP 404) or empty response.
[09-Mar-2026 13:42:04 Europe/Budapest] Failed to fetch IGN (HTTP 404) or empty response.
[09-Mar-2026 13:48:46 Europe/Budapest] Failed to fetch IGN (HTTP 404) or empty response.
[11-Mar-2026 08:11:07 Europe/Budapest] Failed to fetch IGN (HTTP 404) or empty response.
[11-Mar-2026 08:56:17 Europe/Budapest] Failed to fetch IGN (HTTP 404) or empty response.
[11-Mar-2026 08:56:28 Europe/Budapest] Failed to fetch IGN (HTTP 404) or empty response.
[13-Mar-2026 10:18:34 Europe/Budapest] Failed to fetch IGN (HTTP 404) or empty response.
[13-Mar-2026 10:34:52 Europe/Budapest] Failed to fetch IGN (HTTP 404) or empty response.
[13-Mar-2026 10:45:09 Europe/Budapest] Failed to fetch IGN (HTTP 404) or empty response.
[13-Mar-2026 10:54:37 Europe/Budapest] Failed to fetch IGN (HTTP 404) or empty response.
[13-Mar-2026 10:57:36 Europe/Budapest] Failed to fetch IGN (HTTP 404) or empty response.
[13-Mar-2026 10:57:38 Europe/Budapest] Failed to fetch IGN (HTTP 404) or empty response.
[13-Mar-2026 10:57:44 Europe/Budapest] Failed to fetch IGN (HTTP 404) or empty response.
[13-Mar-2026 10:58:19 Europe/Budapest] Failed to fetch IGN (HTTP 404) or empty response.
[13-Mar-2026 11:01:53 Europe/Budapest] Failed to fetch IGN (HTTP 404) or empty response.
[13-Mar-2026 11:05:09 Europe/Budapest] Failed to fetch IGN (HTTP 404) or empty response.
[14-Mar-2026 13:05:05 Europe/Budapest] Failed to fetch IGN (HTTP 404) or empty response.
[16-Mar-2026 13:52:30 Europe/Budapest] Failed to fetch IGN (HTTP 404) or empty response.
[16-Mar-2026 14:06:25 Europe/Budapest] Failed to fetch IGN (HTTP 404) or empty response.
[20-Mar-2026 11:15:21 Europe/Budapest] Failed to fetch IGN (HTTP 404) or empty response.
[20-Mar-2026 11:17:38 Europe/Budapest] Failed to fetch IGN (HTTP 404) or empty response.
[23-Mar-2026 11:53:23 Europe/Budapest] Failed to fetch IGN (HTTP 404) or empty response.
[23-Mar-2026 13:50:16 Europe/Budapest] Failed to fetch IGN (HTTP 404) or empty response.
[25-Mar-2026 14:10:54 Europe/Budapest] Failed to fetch IGN (HTTP 404) or empty response.
[27-Mar-2026 00:40:34 Europe/Budapest] Failed to fetch IGN (HTTP 404) or empty response.
[27-Mar-2026 09:10:03 Europe/Budapest] Failed to fetch IGN (HTTP 404) or empty response.
[27-Mar-2026 11:07:06 Europe/Budapest] Failed to fetch IGN (HTTP 404) or empty response.
[27-Mar-2026 13:10:47 Europe/Budapest] Failed to fetch IGN (HTTP 404) or empty response.
[08-Apr-2026 20:47:40 Europe/Budapest] Failed to fetch IGN (HTTP 404) or empty response.
[11-Apr-2026 12:32:35 Europe/Budapest] Failed to fetch IGN (HTTP 404) or empty response.
[11-Apr-2026 12:42:49 Europe/Budapest] Failed to fetch IGN (HTTP 404) or empty response.
[11-Apr-2026 12:48:09 Europe/Budapest] Failed to fetch IGN (HTTP 404) or empty response.
[11-Apr-2026 12:48:27 Europe/Budapest] Failed to fetch IGN (HTTP 404) or empty response.
[11-Apr-2026 12:49:19 Europe/Budapest] Failed to fetch IGN (HTTP 404) or empty response.
[11-Apr-2026 19:58:56 Europe/Budapest] Failed to fetch IGN (HTTP 404) or empty response.
[15-Apr-2026 13:55:02 Europe/Budapest] Failed to fetch IGN (HTTP 404) or empty response.
[20-Apr-2026 10:52:46 Europe/Budapest] Failed to fetch IGN (HTTP 404) or empty response.
[22-Apr-2026 14:15:32 Europe/Budapest] Failed to fetch IGN (HTTP 404) or empty response.
[22-Apr-2026 14:25:01 Europe/Budapest] Failed to fetch IGN (HTTP 404) or empty response.
[22-Apr-2026 14:25:46 Europe/Budapest] Failed to fetch IGN (HTTP 404) or empty response.
[23-Apr-2026 08:18:10 Europe/Budapest] Failed to fetch IGN (HTTP 404) or empty response.
[24-Apr-2026 08:15:05 Europe/Budapest] Failed to fetch IGN (HTTP 404) or empty response.
[24-Apr-2026 08:38:20 Europe/Budapest] Failed to fetch IGN (HTTP 404) or empty response.
[24-Apr-2026 08:38:36 Europe/Budapest] Failed to fetch IGN (HTTP 404) or empty response.
[24-Apr-2026 08:39:18 Europe/Budapest] Failed to fetch IGN (HTTP 404) or empty response.
[24-Apr-2026 08:39:28 Europe/Budapest] Failed to fetch IGN (HTTP 404) or empty response.
[24-Apr-2026 08:39:37 Europe/Budapest] Failed to fetch IGN (HTTP 404) or empty response.
[24-Apr-2026 08:40:18 Europe/Budapest] Failed to fetch IGN (HTTP 404) or empty response.
[24-Apr-2026 08:43:32 Europe/Budapest] Failed to fetch IGN (HTTP 404) or empty response.
[24-Apr-2026 09:15:18 Europe/Budapest] Failed to fetch IGN (HTTP 404) or empty response.
[24-Apr-2026 09:16:20 Europe/Budapest] Failed to fetch IGN (HTTP 404) or empty response.
[27-Apr-2026 13:16:48 Europe/Budapest] Failed to fetch IGN (HTTP 404) or empty response.
[27-Apr-2026 19:20:47 Europe/Budapest] Failed to fetch IGN (HTTP 404) or empty response.
[27-Apr-2026 19:21:53 Europe/Budapest] Failed to fetch IGN (HTTP 404) or empty response.
[27-Apr-2026 19:25:16 Europe/Budapest] Failed to fetch IGN (HTTP 404) or empty response.
[27-Apr-2026 19:27:58 Europe/Budapest] Failed to fetch IGN (HTTP 404) or empty response.
[27-Apr-2026 19:29:33 Europe/Budapest] Failed to fetch IGN (HTTP 404) or empty response.
[29-Apr-2026 10:08:01 Europe/Budapest] Failed to fetch IGN (HTTP 404) or empty response.
[30-Apr-2026 19:13:45 Europe/Budapest] Failed to fetch IGN (HTTP 404) or empty response.
